// Jest Snapshot v1, https://goo.gl/fbAQLP

exports[`Chart should match to snapshot. 1`] = `
<DocumentFragment>
  <div
    class="chart"
  >
    <div
      class="recharts-responsive-container"
      style="width: 100%; height: 100%; min-width: 0;"
    />
  </div>
</DocumentFragment>
`;
